
R version 4.1.2 (2021-11-01) -- "Bird Hippie"
Copyright (C) 2021 The R Foundation for Statistical Computing
Platform: x86_64-pc-linux-gnu (64-bit)

R is free software and comes with ABSOLUTELY NO WARRANTY.
You are welcome to redistribute it under certain conditions.
Type 'license()' or 'licence()' for distribution details.

  Natural language support but running in an English locale

R is a collaborative project with many contributors.
Type 'contributors()' for more information and
'citation()' on how to cite R or R packages in publications.

Type 'demo()' for some demos, 'help()' for on-line help, or
'help.start()' for an HTML browser interface to help.
Type 'q()' to quit R.

> setwd('/home/marcus/GitHub/ds1/')
> getwd()
[1] "/home/marcus/GitHub/ds1"
> setwd(".")
> getwd()
[1] "/home/marcus/GitHub/ds1"
> setwd("/home/marcus/GitHub/ds1/org")
> getwd()
[1] "/home/marcus/GitHub/ds1/org"
> ls()
character(0)
> search()
 [1] ".GlobalEnv"        "ESSR"              "package:stats"     "package:graphics"  "package:grDevices"
 [6] "package:utils"     "package:datasets"  "package:methods"   "Autoloads"         "package:base"     
> data(ToothGrowth)
> ls()
[1] "ToothGrowth"
> q()
Save workspace image? [y/n/c]: c
> q()
Save workspace image? [y/n/c]: y

Process R finished at Fri Sep 20 11:11:52 2024


R version 4.1.2 (2021-11-01) -- "Bird Hippie"
Copyright (C) 2021 The R Foundation for Statistical Computing
Platform: x86_64-pc-linux-gnu (64-bit)

R is free software and comes with ABSOLUTELY NO WARRANTY.
You are welcome to redistribute it under certain conditions.
Type 'license()' or 'licence()' for distribution details.

  Natural language support but running in an English locale

R is a collaborative project with many contributors.
Type 'contributors()' for more information and
'citation()' on how to cite R or R packages in publications.

Type 'demo()' for some demos, 'help()' for on-line help, or
'help.start()' for an HTML browser interface to help.
Type 'q()' to quit R.

[Previously saved workspace restored]

> setwd('/home/marcus/GitHub/ds1/org/')
> system("ls -al .Rhistory")
ls: cannot access '.Rhistory': No such file or directory
> system("ls -al .RData")
-rw-rw-r-- 1 marcus marcus 395 Sep 20 11:11 .RData
> ls()
[1] "ToothGrowth"
> history()
Error in .External2(C_savehistory, file) : no history available to save
> history
function (max.show = 25, reverse = FALSE, pattern, ...) 
{
    file1 <- tempfile("Rrawhist")
    savehistory(file1)
    rawhist <- readLines(file1)
    unlink(file1)
    if (!missing(pattern)) 
        rawhist <- unique(grep(pattern, rawhist, value = TRUE, 
            ...))
    nlines <- length(rawhist)
    if (nlines) {
        inds <- max(1, nlines - max.show):nlines
        if (reverse) 
            inds <- rev(inds)
    }
    else inds <- integer()
    file2 <- tempfile("hist")
    writeLines(rawhist[inds], file2)
    file.show(file2, title = "R History", delete.file = TRUE)
}
<bytecode: 0x5630dfe58980>
<environment: namespace:utils>
> 